2026-10-07 17:19:24,949 - MainThread - databricks.sql.session - WARNING - [WARN] Parameter '_user_agent_entry' is deprecated; use 'user_agent_entry' instead. This parameter will be removed in the upcoming releases. (session.py:80)
2026-10-07 17:19:25,563 - MainThread - databricks.sql.auth.retry - INFO - Received status code 200 for POST request (retry.py:360)
2026-10-07 17:19:25,563 - MainThread - databricks.sql.auth.thrift_http_client - INFO - HTTP Response with status code 200, message: OK (thrift_http_client.py:210)
2026-10-07 17:19:25,563 - MainThread - databricks.sql.session - INFO - Successfully opened session 01f1c262-7b2f-18de-8df5-a0706003e479 (session.py:428)
2026-10-07 17:19:26,061 - MainThread - databricks.sql.auth.retry - INFO - Received status code 200 for GET request (retry.py:360)
2026-10-07 17:19:26,497 - MainThread - databricks.sql.auth.retry - INFO - Received status code 200 for POST request (retry.py:360)
2026-10-07 17:19:26,497 - MainThread - databricks.sql.auth.thrift_http_client - INFO - HTTP Response with status code 200, message: OK (thrift_http_client.py:210)
2026-10-07 17:19:26,976 - MainThread - sqlmesh.core.config.connection - INFO - Creating new DuckDB adapter for data files: {'.sqlmesh/state.db'} (connection.py:516)
2026-10-07 17:19:26,996 - MainThread - sqlmesh.core.console - WARNING - The duckdb engine is not recommended for storing SQLMesh state in production deployments. Please see https://sqlmesh.readthedocs.io/en/stable/guides/configuration/#state-connection for a list of recommended engines and more information. (console.py:2338)
2026-10-07 17:19:29,810 - event-emitter - sqlmesh.core.analytics.dispatcher - INFO - Failed to emit events: HTTPSConnectionPool(host='analytics.tobikodata.com', port=443): Max retries exceeded with url: /v1/sqlmesh/ (Caused by SSLError(SSLCertVerificationError(1, '[SSL: CERTIFICATE_VERIFY_FAILED] certificate verify failed: self-signed certificate in certificate chain (_ssl.c:1077)'))) (dispatcher.py:138)
2026-10-07 17:19:29,994 - MainThread - sqlmesh.core.plan.evaluator - INFO - Evaluating plan stage CreateSnapshotRecordsStage (evaluator.py:123)
2026-10-07 17:19:30,017 - MainThread - sqlmesh.core.plan.evaluator - INFO - Evaluating plan stage PhysicalLayerSchemaCreationStage (evaluator.py:123)
2026-10-07 17:19:30,018 - MainThread - sqlmesh.core.snapshot.evaluator - INFO - Creating schema 'workspace.sqlmesh__bronze' (evaluator.py:1471)
2026-10-07 17:19:30,018 - MainThread - sqlmesh.core.engine_adapter.base - INFO - Executing SQL: /* SQLMESH_PLAN: fafca8bf694743239153b62c67ae5601 */ CREATE SCHEMA IF NOT EXISTS `workspace`.`sqlmesh__bronze` (base.py:2667)
2026-10-07 17:19:30,623 - MainThread - databricks.sql.auth.retry - INFO - Received status code 200 for POST request (retry.py:360)
2026-10-07 17:19:30,623 - MainThread - databricks.sql.auth.thrift_http_client - INFO - HTTP Response with status code 200, message: OK (thrift_http_client.py:210)
2026-10-07 17:19:30,624 - MainThread - sqlmesh.core.snapshot.evaluator - INFO - Creating schema 'workspace.sqlmesh__silver' (evaluator.py:1471)
2026-10-07 17:19:30,625 - MainThread - sqlmesh.core.engine_adapter.base - INFO - Executing SQL: /* SQLMESH_PLAN: fafca8bf694743239153b62c67ae5601 */ CREATE SCHEMA IF NOT EXISTS `workspace`.`sqlmesh__silver` (base.py:2667)
2026-10-07 17:19:31,087 - MainThread - databricks.sql.auth.retry - INFO - Received status code 200 for POST request (retry.py:360)
2026-10-07 17:19:31,087 - MainThread - databricks.sql.auth.thrift_http_client - INFO - HTTP Response with status code 200, message: OK (thrift_http_client.py:210)
2026-10-07 17:19:31,088 - MainThread - sqlmesh.core.plan.evaluator - INFO - Evaluating plan stage BackfillStage (evaluator.py:123)
2026-10-07 17:19:31,089 - MainThread - sqlmesh.core.snapshot.evaluator - INFO - Listing data objects in schema workspace.sqlmesh__bronze (evaluator.py:1638)
2026-10-07 17:19:31,090 - MainThread - sqlmesh.core.engine_adapter.base - INFO - Executing SQL: /* SQLMESH_PLAN: fafca8bf694743239153b62c67ae5601 */ SELECT `table_name` AS `name`, `table_schema` AS `schema`, `table_catalog` AS `catalog`, CASE `table_type` WHEN 'VIEW' THEN 'view' WHEN 'MATERIALIZED_VIEW' THEN 'materialized_view' ELSE 'table' END AS `type` FROM `system`.`information_schema`.`tables` WHERE (`table_catalog` = 'workspace' AND `table_schema` = 'sqlmesh__bronze') AND `table_name` IN ('bronze__data__1396665773') (base.py:2667)
2026-10-07 17:19:31,535 - MainThread - databricks.sql.auth.retry - INFO - Received status code 200 for POST request (retry.py:360)
2026-10-07 17:19:31,535 - MainThread - databricks.sql.auth.thrift_http_client - INFO - HTTP Response with status code 200, message: OK (thrift_http_client.py:210)
2026-10-07 17:19:31,537 - MainThread - sqlmesh.core.snapshot.evaluator - INFO - Listing data objects in schema workspace.sqlmesh__silver (evaluator.py:1638)
2026-10-07 17:19:31,538 - MainThread - sqlmesh.core.engine_adapter.base - INFO - Executing SQL: /* SQLMESH_PLAN: fafca8bf694743239153b62c67ae5601 */ SELECT `table_name` AS `name`, `table_schema` AS `schema`, `table_catalog` AS `catalog`, CASE `table_type` WHEN 'VIEW' THEN 'view' WHEN 'MATERIALIZED_VIEW' THEN 'materialized_view' ELSE 'table' END AS `type` FROM `system`.`information_schema`.`tables` WHERE (`table_catalog` = 'workspace' AND `table_schema` = 'sqlmesh__silver') AND `table_name` IN ('silver__data__3210975426') (base.py:2667)
2026-10-07 17:19:31,964 - MainThread - databricks.sql.auth.retry - INFO - Received status code 200 for POST request (retry.py:360)
2026-10-07 17:19:31,964 - MainThread - databricks.sql.auth.thrift_http_client - INFO - HTTP Response with status code 200, message: OK (thrift_http_client.py:210)
2026-10-07 17:19:31,967 - MainThread - sqlmesh.core.snapshot.evaluator - INFO - Evaluating snapshot SnapshotId<"workspace"."bronze"."data": 1056952125> (evaluator.py:732)
2026-10-07 17:19:31,967 - MainThread - sqlmesh.core.engine_adapter.base - INFO - Executing SQL: /* SQLMESH_PLAN: fafca8bf694743239153b62c67ae5601 */ SELECT CURRENT_CATALOG() (base.py:2667)
2026-10-07 17:19:32,232 - MainThread - databricks.sql.auth.retry - INFO - Received status code 200 for POST request (retry.py:360)
2026-10-07 17:19:32,232 - MainThread - databricks.sql.auth.thrift_http_client - INFO - HTTP Response with status code 200, message: OK (thrift_http_client.py:210)
2026-10-07 17:19:32,234 - MainThread - sqlmesh.core.engine_adapter.base - INFO - Executing SQL: /* SQLMESH_PLAN: fafca8bf694743239153b62c67ae5601 */ USE CATALOG `workspace` (base.py:2667)
2026-10-07 17:19:32,487 - MainThread - databricks.sql.auth.retry - INFO - Received status code 200 for POST request (retry.py:360)
2026-10-07 17:19:32,487 - MainThread - databricks.sql.auth.thrift_http_client - INFO - HTTP Response with status code 200, message: OK (thrift_http_client.py:210)
2026-10-07 17:19:32,488 - MainThread - sqlmesh.core.snapshot.evaluator - INFO - Inserting data for snapshot SnapshotId<"workspace"."bronze"."data": 1056952125> (evaluator.py:973)
2026-10-07 17:19:32,490 - MainThread - sqlmesh.core.snapshot.evaluator - INFO - Inserting batch (2026-10-06 00:00:00, 2026-10-07 00:00:00) into workspace.sqlmesh__bronze.bronze__data__1396665773' (evaluator.py:1005)
2026-10-07 17:19:32,490 - MainThread - sqlmesh.core.engine_adapter.base - INFO - Executing SQL: /* SQLMESH_PLAN: fafca8bf694743239153b62c67ae5601 */ SELECT columns.column_name, columns.full_data_type FROM system.information_schema.columns WHERE table_name = 'bronze__data__1396665773' AND table_schema = 'sqlmesh__bronze' AND table_catalog = 'workspace' ORDER BY ordinal_position ASC (base.py:2667)
2026-10-07 17:19:32,975 - MainThread - databricks.sql.auth.retry - INFO - Received status code 200 for POST request (retry.py:360)
2026-10-07 17:19:32,975 - MainThread - databricks.sql.auth.thrift_http_client - INFO - HTTP Response with status code 200, message: OK (thrift_http_client.py:210)
2026-10-07 17:19:32,977 - MainThread - sqlmesh.core.engine_adapter.base - INFO - Executing SQL: /* SQLMESH_PLAN: fafca8bf694743239153b62c67ae5601 */ CREATE TABLE IF NOT EXISTS `workspace`.`sqlmesh__bronze`.`bronze__data__1396665773` AS SELECT * FROM `workspace`.`default`.`mflix_comments` AS `mflix_comments` (base.py:2667)
2026-10-07 17:19:35,016 - event-emitter - sqlmesh.core.analytics.dispatcher - INFO - Failed to emit events: HTTPSConnectionPool(host='analytics.tobikodata.com', port=443): Max retries exceeded with url: /v1/sqlmesh/ (Caused by SSLError(SSLCertVerificationError(1, '[SSL: CERTIFICATE_VERIFY_FAILED] certificate verify failed: self-signed certificate in certificate chain (_ssl.c:1077)'))) (dispatcher.py:138)
2026-10-07 17:19:38,175 - MainThread - databricks.sql.auth.retry - INFO - Received status code 200 for POST request (retry.py:360)
2026-10-07 17:19:38,176 - MainThread - databricks.sql.auth.thrift_http_client - INFO - HTTP Response with status code 200, message: OK (thrift_http_client.py:210)
2026-10-07 17:19:39,052 - MainThread - databricks.sql.auth.retry - INFO - Received status code 200 for POST request (retry.py:360)
2026-10-07 17:19:39,052 - MainThread - databricks.sql.auth.thrift_http_client - INFO - HTTP Response with status code 200, message: OK (thrift_http_client.py:210)
2026-10-07 17:19:39,241 - MainThread - databricks.sql.auth.retry - INFO - Received status code 200 for POST request (retry.py:360)
2026-10-07 17:19:39,241 - MainThread - databricks.sql.auth.thrift_http_client - INFO - HTTP Response with status code 200, message: OK (thrift_http_client.py:210)
2026-10-07 17:19:39,447 - MainThread - databricks.sql.auth.retry - INFO - Received status code 200 for POST request (retry.py:360)
2026-10-07 17:19:39,447 - MainThread - databricks.sql.auth.thrift_http_client - INFO - HTTP Response with status code 200, message: OK (thrift_http_client.py:210)
2026-10-07 17:19:39,449 - MainThread - sqlmesh.core.state_sync.db.facade - INFO - Adding interval (2026-10-06 00:00:00, 2026-10-07 00:00:00) for snapshot SnapshotId<"workspace"."bronze"."data": 1056952125> (facade.py:639)
2026-10-07 17:19:39,449 - MainThread - sqlmesh.core.state_sync.db.interval - INFO - Pushing intervals for snapshot SnapshotId<"workspace"."bronze"."data": 1056952125> (interval.py:218)
2026-10-07 17:19:39,460 - MainThread - sqlmesh.core.snapshot.evaluator - INFO - Evaluating snapshot SnapshotId<"workspace"."silver"."data": 877987659> (evaluator.py:732)
2026-10-07 17:19:39,461 - MainThread - sqlmesh.core.engine_adapter.base - INFO - Executing SQL: /* SQLMESH_PLAN: fafca8bf694743239153b62c67ae5601 */ SELECT CURRENT_CATALOG() (base.py:2667)
2026-10-07 17:19:39,659 - MainThread - databricks.sql.auth.retry - INFO - Received status code 200 for POST request (retry.py:360)
2026-10-07 17:19:39,659 - MainThread - databricks.sql.auth.thrift_http_client - INFO - HTTP Response with status code 200, message: OK (thrift_http_client.py:210)
2026-10-07 17:19:39,936 - MainThread - databricks.sql.auth.retry - INFO - Received status code 200 for POST request (retry.py:360)
2026-10-07 17:19:39,937 - MainThread - databricks.sql.auth.thrift_http_client - INFO - HTTP Response with status code 200, message: OK (thrift_http_client.py:210)
2026-10-07 17:19:39,938 - MainThread - sqlmesh.core.engine_adapter.base - INFO - Executing SQL: /* SQLMESH_PLAN: fafca8bf694743239153b62c67ae5601 */ USE CATALOG `workspace` (base.py:2667)
2026-10-07 17:19:40,201 - MainThread - databricks.sql.auth.retry - INFO - Received status code 200 for POST request (retry.py:360)
2026-10-07 17:19:40,202 - MainThread - databricks.sql.auth.thrift_http_client - INFO - HTTP Response with status code 200, message: OK (thrift_http_client.py:210)
2026-10-07 17:19:40,202 - MainThread - sqlmesh.core.snapshot.evaluator - INFO - Inserting data for snapshot SnapshotId<"workspace"."silver"."data": 877987659> (evaluator.py:973)
2026-10-07 17:19:40,204 - MainThread - sqlmesh.core.snapshot.evaluator - INFO - Inserting batch (2026-10-06 00:00:00, 2026-10-07 00:00:00) into workspace.sqlmesh__silver.silver__data__3210975426' (evaluator.py:1005)
2026-10-07 17:19:40,204 - MainThread - sqlmesh.core.engine_adapter.base - INFO - Executing SQL: /* SQLMESH_PLAN: fafca8bf694743239153b62c67ae5601 */ SELECT columns.column_name, columns.full_data_type FROM system.information_schema.columns WHERE table_name = 'silver__data__3210975426' AND table_schema = 'sqlmesh__silver' AND table_catalog = 'workspace' ORDER BY ordinal_position ASC (base.py:2667)
2026-10-07 17:19:40,211 - event-emitter - sqlmesh.core.analytics.dispatcher - INFO - Failed to emit events: HTTPSConnectionPool(host='analytics.tobikodata.com', port=443): Max retries exceeded with url: /v1/sqlmesh/ (Caused by SSLError(SSLCertVerificationError(1, '[SSL: CERTIFICATE_VERIFY_FAILED] certificate verify failed: self-signed certificate in certificate chain (_ssl.c:1077)'))) (dispatcher.py:138)
2026-10-07 17:19:40,702 - MainThread - databricks.sql.auth.retry - INFO - Received status code 200 for POST request (retry.py:360)
2026-10-07 17:19:40,702 - MainThread - databricks.sql.auth.thrift_http_client - INFO - HTTP Response with status code 200, message: OK (thrift_http_client.py:210)
2026-10-07 17:19:40,705 - MainThread - sqlmesh.core.engine_adapter.base - INFO - Executing SQL: /* SQLMESH_PLAN: fafca8bf694743239153b62c67ae5601 */ CREATE TABLE IF NOT EXISTS `workspace`.`sqlmesh__silver`.`silver__data__3210975426` AS SELECT * FROM `workspace`.`default`.`mflix_comments` AS `mflix_comments` (base.py:2667)
2026-10-07 17:19:44,657 - MainThread - databricks.sql.auth.retry - INFO - Received status code 200 for POST request (retry.py:360)
2026-10-07 17:19:44,657 - MainThread - databricks.sql.auth.thrift_http_client - INFO - HTTP Response with status code 200, message: OK (thrift_http_client.py:210)
2026-10-07 17:19:44,659 - MainThread - sqlmesh.core.state_sync.db.facade - INFO - Adding interval (2026-10-06 00:00:00, 2026-10-07 00:00:00) for snapshot SnapshotId<"workspace"."silver"."data": 877987659> (facade.py:639)
2026-10-07 17:19:44,659 - MainThread - sqlmesh.core.state_sync.db.interval - INFO - Pushing intervals for snapshot SnapshotId<"workspace"."silver"."data": 877987659> (interval.py:218)
2026-10-07 17:19:44,671 - MainThread - sqlmesh.core.plan.evaluator - INFO - Evaluating plan stage EnvironmentRecordUpdateStage (evaluator.py:123)
2026-10-07 17:19:44,671 - MainThread - sqlmesh.core.state_sync.db.facade - INFO - Promoting environment 'prod' (facade.py:167)
2026-10-07 17:19:44,690 - MainThread - sqlmesh.core.plan.evaluator - INFO - Evaluating plan stage UnpauseStage (evaluator.py:123)
2026-10-07 17:19:44,695 - MainThread - sqlmesh.core.plan.evaluator - INFO - Evaluating plan stage VirtualLayerUpdateStage (evaluator.py:123)
2026-10-07 17:19:44,697 - MainThread - sqlmesh.core.snapshot.evaluator - INFO - Creating schema 'workspace.bronze' (evaluator.py:1471)
2026-10-07 17:19:44,698 - MainThread - sqlmesh.core.engine_adapter.base - INFO - Executing SQL: /* SQLMESH_PLAN: fafca8bf694743239153b62c67ae5601 */ CREATE SCHEMA IF NOT EXISTS `workspace`.`bronze` (base.py:2667)
2026-10-07 17:19:45,065 - MainThread - databricks.sql.auth.retry - INFO - Received status code 200 for POST request (retry.py:360)
2026-10-07 17:19:45,065 - MainThread - databricks.sql.auth.thrift_http_client - INFO - HTTP Response with status code 200, message: OK (thrift_http_client.py:210)
2026-10-07 17:19:45,066 - MainThread - sqlmesh.core.snapshot.evaluator - INFO - Creating schema 'workspace.silver' (evaluator.py:1471)
2026-10-07 17:19:45,066 - MainThread - sqlmesh.core.engine_adapter.base - INFO - Executing SQL: /* SQLMESH_PLAN: fafca8bf694743239153b62c67ae5601 */ CREATE SCHEMA IF NOT EXISTS `workspace`.`silver` (base.py:2667)
2026-10-07 17:19:45,408 - event-emitter - sqlmesh.core.analytics.dispatcher - INFO - Failed to emit events: HTTPSConnectionPool(host='analytics.tobikodata.com', port=443): Max retries exceeded with url: /v1/sqlmesh/ (Caused by SSLError(SSLCertVerificationError(1, '[SSL: CERTIFICATE_VERIFY_FAILED] certificate verify failed: self-signed certificate in certificate chain (_ssl.c:1077)'))) (dispatcher.py:138)
2026-10-07 17:19:45,501 - MainThread - databricks.sql.auth.retry - INFO - Received status code 200 for POST request (retry.py:360)
2026-10-07 17:19:45,501 - MainThread - databricks.sql.auth.thrift_http_client - INFO - HTTP Response with status code 200, message: OK (thrift_http_client.py:210)
2026-10-07 17:19:45,502 - MainThread - sqlmesh.core.snapshot.evaluator - INFO - Listing data objects in schema workspace.silver (evaluator.py:1638)
2026-10-07 17:19:45,503 - MainThread - sqlmesh.core.engine_adapter.base - INFO - Executing SQL: /* SQLMESH_PLAN: fafca8bf694743239153b62c67ae5601 */ SELECT `table_name` AS `name`, `table_schema` AS `schema`, `table_catalog` AS `catalog`, CASE `table_type` WHEN 'VIEW' THEN 'view' WHEN 'MATERIALIZED_VIEW' THEN 'materialized_view' ELSE 'table' END AS `type` FROM `system`.`information_schema`.`tables` WHERE (`table_catalog` = 'workspace' AND `table_schema` = 'silver') AND `table_name` IN ('data') (base.py:2667)
2026-10-07 17:19:45,925 - MainThread - databricks.sql.auth.retry - INFO - Received status code 200 for POST request (retry.py:360)
2026-10-07 17:19:45,925 - MainThread - databricks.sql.auth.thrift_http_client - INFO - HTTP Response with status code 200, message: OK (thrift_http_client.py:210)
2026-10-07 17:19:45,927 - MainThread - sqlmesh.core.snapshot.evaluator - INFO - Listing data objects in schema workspace.bronze (evaluator.py:1638)
2026-10-07 17:19:45,929 - MainThread - sqlmesh.core.engine_adapter.base - INFO - Executing SQL: /* SQLMESH_PLAN: fafca8bf694743239153b62c67ae5601 */ SELECT `table_name` AS `name`, `table_schema` AS `schema`, `table_catalog` AS `catalog`, CASE `table_type` WHEN 'VIEW' THEN 'view' WHEN 'MATERIALIZED_VIEW' THEN 'materialized_view' ELSE 'table' END AS `type` FROM `system`.`information_schema`.`tables` WHERE (`table_catalog` = 'workspace' AND `table_schema` = 'bronze') AND `table_name` IN ('data') (base.py:2667)
2026-10-07 17:19:46,388 - MainThread - databricks.sql.auth.retry - INFO - Received status code 200 for POST request (retry.py:360)
2026-10-07 17:19:46,389 - MainThread - databricks.sql.auth.thrift_http_client - INFO - HTTP Response with status code 200, message: OK (thrift_http_client.py:210)
2026-10-07 17:19:46,392 - MainThread - sqlmesh.core.engine_adapter.base - INFO - Executing SQL: /* SQLMESH_PLAN: fafca8bf694743239153b62c67ae5601 */ SELECT CURRENT_CATALOG() (base.py:2667)
2026-10-07 17:19:46,689 - MainThread - databricks.sql.auth.retry - INFO - Received status code 200 for POST request (retry.py:360)
2026-10-07 17:19:46,689 - MainThread - databricks.sql.auth.thrift_http_client - INFO - HTTP Response with status code 200, message: OK (thrift_http_client.py:210)
2026-10-07 17:19:46,691 - MainThread - sqlmesh.core.engine_adapter.base - INFO - Executing SQL: /* SQLMESH_PLAN: fafca8bf694743239153b62c67ae5601 */ USE CATALOG `workspace` (base.py:2667)
2026-10-07 17:19:46,972 - MainThread - databricks.sql.auth.retry - INFO - Received status code 200 for POST request (retry.py:360)
2026-10-07 17:19:46,972 - MainThread - databricks.sql.auth.thrift_http_client - INFO - HTTP Response with status code 200, message: OK (thrift_http_client.py:210)
2026-10-07 17:19:46,973 - MainThread - sqlmesh.core.snapshot.evaluator - INFO - Updating view 'workspace.bronze.data' to point at table 'workspace.sqlmesh__bronze.bronze__data__1396665773' (evaluator.py:2010)
2026-10-07 17:19:46,974 - MainThread - sqlmesh.core.engine_adapter.base - INFO - Executing SQL: /* SQLMESH_PLAN: fafca8bf694743239153b62c67ae5601 */ CREATE OR REPLACE VIEW `workspace`.`bronze`.`data` AS SELECT * FROM `workspace`.`sqlmesh__bronze`.`bronze__data__1396665773` (base.py:2667)
2026-10-07 17:19:47,873 - MainThread - databricks.sql.auth.retry - INFO - Received status code 200 for POST request (retry.py:360)
2026-10-07 17:19:47,873 - MainThread - databricks.sql.auth.thrift_http_client - INFO - HTTP Response with status code 200, message: OK (thrift_http_client.py:210)
2026-10-07 17:19:47,876 - MainThread - sqlmesh.core.engine_adapter.base - INFO - Executing SQL: /* SQLMESH_PLAN: fafca8bf694743239153b62c67ae5601 */ SELECT CURRENT_CATALOG() (base.py:2667)
2026-10-07 17:19:48,131 - MainThread - databricks.sql.auth.retry - INFO - Received status code 200 for POST request (retry.py:360)
2026-10-07 17:19:48,131 - MainThread - databricks.sql.auth.thrift_http_client - INFO - HTTP Response with status code 200, message: OK (thrift_http_client.py:210)
2026-10-07 17:19:48,133 - MainThread - sqlmesh.core.engine_adapter.base - INFO - Executing SQL: /* SQLMESH_PLAN: fafca8bf694743239153b62c67ae5601 */ USE CATALOG `workspace` (base.py:2667)
2026-10-07 17:19:48,406 - MainThread - databricks.sql.auth.retry - INFO - Received status code 200 for POST request (retry.py:360)
2026-10-07 17:19:48,406 - MainThread - databricks.sql.auth.thrift_http_client - INFO - HTTP Response with status code 200, message: OK (thrift_http_client.py:210)
2026-10-07 17:19:48,407 - MainThread - sqlmesh.core.snapshot.evaluator - INFO - Updating view 'workspace.silver.data' to point at table 'workspace.sqlmesh__silver.silver__data__3210975426' (evaluator.py:2010)
2026-10-07 17:19:48,408 - MainThread - sqlmesh.core.engine_adapter.base - INFO - Executing SQL: /* SQLMESH_PLAN: fafca8bf694743239153b62c67ae5601 */ CREATE OR REPLACE VIEW `workspace`.`silver`.`data` AS SELECT * FROM `workspace`.`sqlmesh__silver`.`silver__data__3210975426` (base.py:2667)
2026-10-07 17:19:49,204 - MainThread - databricks.sql.auth.retry - INFO - Received status code 200 for POST request (retry.py:360)
2026-10-07 17:19:49,204 - MainThread - databricks.sql.auth.thrift_http_client - INFO - HTTP Response with status code 200, message: OK (thrift_http_client.py:210)
2026-10-07 17:19:49,207 - MainThread - sqlmesh.core.plan.evaluator - INFO - Evaluating plan stage FinalizeEnvironmentStage (evaluator.py:123)
2026-10-07 17:19:49,207 - MainThread - sqlmesh.core.state_sync.db.environment - INFO - Finalizing environment 'prod' (environment.py:141)
2026-10-07 17:19:49,211 - MainThread - databricks.sql.session - INFO - Closing session 01f1c262-7b2f-18de-8df5-a0706003e479 (session.py:485)
2026-10-07 17:19:49,408 - MainThread - databricks.sql.auth.retry - INFO - Received status code 200 for POST request (retry.py:360)
2026-10-07 17:19:49,408 - MainThread - databricks.sql.auth.thrift_http_client - INFO - HTTP Response with status code 200, message: OK (thrift_http_client.py:210)
2026-10-07 17:19:50,043 - ThreadPoolExecutor-0_0 - databricks.sql.auth.retry - INFO - Received status code 200 for POST request (retry.py:360)
2026-10-07 17:19:50,045 - MainThread - root - INFO - Shutting down the event dispatcher (dispatcher.py:159)
2026-10-07 17:19:50,247 - MainThread - sqlmesh.core.analytics.dispatcher - INFO - Failed to emit events: HTTPSConnectionPool(host='analytics.tobikodata.com', port=443): Max retries exceeded with url: /v1/sqlmesh/ (Caused by SSLError(SSLCertVerificationError(1, '[SSL: CERTIFICATE_VERIFY_FAILED] certificate verify failed: self-signed certificate in certificate chain (_ssl.c:1077)'))) (dispatcher.py:138)
