2026-10-07 16:37:25,139 - MainThread - databricks.sql.session - WARNING - [WARN] Parameter '_user_agent_entry' is deprecated; use 'user_agent_entry' instead. This parameter will be removed in the upcoming releases. (session.py:80)
2026-10-07 16:37:25,691 - MainThread - databricks.sql.auth.retry - INFO - Received status code 200 for POST request (retry.py:360)
2026-10-07 16:37:25,691 - MainThread - databricks.sql.auth.thrift_http_client - INFO - HTTP Response with status code 200, message: OK (thrift_http_client.py:210)
2026-10-07 16:37:25,692 - MainThread - databricks.sql.session - INFO - Successfully opened session 01f1c25c-9d3c-13e1-bcf3-37a3008dce08 (session.py:428)
2026-10-07 16:37:26,201 - MainThread - databricks.sql.auth.retry - INFO - Received status code 200 for GET request (retry.py:360)
2026-10-07 16:37:26,556 - MainThread - databricks.sql.auth.retry - INFO - Received status code 200 for POST request (retry.py:360)
2026-10-07 16:37:26,556 - MainThread - databricks.sql.auth.thrift_http_client - INFO - HTTP Response with status code 200, message: OK (thrift_http_client.py:210)
2026-10-07 16:37:27,022 - MainThread - sqlmesh.core.config.connection - INFO - Creating new DuckDB adapter for data files: {'.sqlmesh/state.db'} (connection.py:516)
2026-10-07 16:37:27,041 - MainThread - sqlmesh.core.console - WARNING - The duckdb engine is not recommended for storing SQLMesh state in production deployments. Please see https://sqlmesh.readthedocs.io/en/stable/guides/configuration/#state-connection for a list of recommended engines and more information. (console.py:2338)
2026-10-07 16:37:27,071 - MainThread - sqlmesh.core.state_sync.db.migrator - INFO - Applying migration <module 'sqlmesh.migrations.v0000_baseline' from 'C:\\Users\\ivan.divita\\AppData\\Roaming\\Python\\Python314\\site-packages\\sqlmesh\\migrations\\v0000_baseline.py'> (migrator.py:194)
2026-10-07 16:37:27,099 - MainThread - sqlmesh.core.state_sync.db.migrator - INFO - Applying migration <module 'sqlmesh.migrations.v0061_mysql_fix_blob_text_type' from 'C:\\Users\\ivan.divita\\AppData\\Roaming\\Python\\Python314\\site-packages\\sqlmesh\\migrations\\v0061_mysql_fix_blob_text_type.py'> (migrator.py:194)
2026-10-07 16:37:27,100 - MainThread - sqlmesh.core.state_sync.db.migrator - INFO - Applying migration <module 'sqlmesh.migrations.v0062_add_model_gateway' from 'C:\\Users\\ivan.divita\\AppData\\Roaming\\Python\\Python314\\site-packages\\sqlmesh\\migrations\\v0062_add_model_gateway.py'> (migrator.py:194)
2026-10-07 16:37:27,100 - MainThread - sqlmesh.core.state_sync.db.migrator - INFO - Applying migration <module 'sqlmesh.migrations.v0063_change_signals' from 'C:\\Users\\ivan.divita\\AppData\\Roaming\\Python\\Python314\\site-packages\\sqlmesh\\migrations\\v0063_change_signals.py'> (migrator.py:194)
2026-10-07 16:37:27,100 - MainThread - sqlmesh.core.state_sync.db.migrator - INFO - Applying migration <module 'sqlmesh.migrations.v0064_join_when_matched_strings' from 'C:\\Users\\ivan.divita\\AppData\\Roaming\\Python\\Python314\\site-packages\\sqlmesh\\migrations\\v0064_join_when_matched_strings.py'> (migrator.py:194)
2026-10-07 16:37:27,100 - MainThread - sqlmesh.core.state_sync.db.migrator - INFO - Applying migration <module 'sqlmesh.migrations.v0065_add_model_optimize' from 'C:\\Users\\ivan.divita\\AppData\\Roaming\\Python\\Python314\\site-packages\\sqlmesh\\migrations\\v0065_add_model_optimize.py'> (migrator.py:194)
2026-10-07 16:37:27,100 - MainThread - sqlmesh.core.state_sync.db.migrator - INFO - Applying migration <module 'sqlmesh.migrations.v0066_add_auto_restatements' from 'C:\\Users\\ivan.divita\\AppData\\Roaming\\Python\\Python314\\site-packages\\sqlmesh\\migrations\\v0066_add_auto_restatements.py'> (migrator.py:194)
2026-10-07 16:37:27,105 - MainThread - sqlmesh.core.state_sync.db.migrator - INFO - Applying migration <module 'sqlmesh.migrations.v0067_add_tsql_date_full_precision' from 'C:\\Users\\ivan.divita\\AppData\\Roaming\\Python\\Python314\\site-packages\\sqlmesh\\migrations\\v0067_add_tsql_date_full_precision.py'> (migrator.py:194)
2026-10-07 16:37:27,105 - MainThread - sqlmesh.core.state_sync.db.migrator - INFO - Applying migration <module 'sqlmesh.migrations.v0068_include_unrendered_query_in_metadata_hash' from 'C:\\Users\\ivan.divita\\AppData\\Roaming\\Python\\Python314\\site-packages\\sqlmesh\\migrations\\v0068_include_unrendered_query_in_metadata_hash.py'> (migrator.py:194)
2026-10-07 16:37:27,105 - MainThread - sqlmesh.core.state_sync.db.migrator - INFO - Applying migration <module 'sqlmesh.migrations.v0069_update_dev_table_suffix' from 'C:\\Users\\ivan.divita\\AppData\\Roaming\\Python\\Python314\\site-packages\\sqlmesh\\migrations\\v0069_update_dev_table_suffix.py'> (migrator.py:194)
2026-10-07 16:37:27,105 - MainThread - sqlmesh.core.state_sync.db.migrator - INFO - Applying migration <module 'sqlmesh.migrations.v0070_include_grains_in_metadata_hash' from 'C:\\Users\\ivan.divita\\AppData\\Roaming\\Python\\Python314\\site-packages\\sqlmesh\\migrations\\v0070_include_grains_in_metadata_hash.py'> (migrator.py:194)
2026-10-07 16:37:27,105 - MainThread - sqlmesh.core.state_sync.db.migrator - INFO - Applying migration <module 'sqlmesh.migrations.v0071_add_dev_version_to_intervals' from 'C:\\Users\\ivan.divita\\AppData\\Roaming\\Python\\Python314\\site-packages\\sqlmesh\\migrations\\v0071_add_dev_version_to_intervals.py'> (migrator.py:194)
2026-10-07 16:37:27,106 - MainThread - sqlmesh.core.state_sync.db.migrator - INFO - Applying migration <module 'sqlmesh.migrations.v0072_add_environment_statements' from 'C:\\Users\\ivan.divita\\AppData\\Roaming\\Python\\Python314\\site-packages\\sqlmesh\\migrations\\v0072_add_environment_statements.py'> (migrator.py:194)
2026-10-07 16:37:27,108 - MainThread - sqlmesh.core.state_sync.db.migrator - INFO - Applying migration <module 'sqlmesh.migrations.v0073_remove_symbolic_disable_restatement' from 'C:\\Users\\ivan.divita\\AppData\\Roaming\\Python\\Python314\\site-packages\\sqlmesh\\migrations\\v0073_remove_symbolic_disable_restatement.py'> (migrator.py:194)
2026-10-07 16:37:27,108 - MainThread - sqlmesh.core.state_sync.db.migrator - INFO - Applying migration <module 'sqlmesh.migrations.v0074_add_partition_by_time_column_property' from 'C:\\Users\\ivan.divita\\AppData\\Roaming\\Python\\Python314\\site-packages\\sqlmesh\\migrations\\v0074_add_partition_by_time_column_property.py'> (migrator.py:194)
2026-10-07 16:37:27,108 - MainThread - sqlmesh.core.state_sync.db.migrator - INFO - Applying migration <module 'sqlmesh.migrations.v0075_remove_validate_query' from 'C:\\Users\\ivan.divita\\AppData\\Roaming\\Python\\Python314\\site-packages\\sqlmesh\\migrations\\v0075_remove_validate_query.py'> (migrator.py:194)
2026-10-07 16:37:27,108 - MainThread - sqlmesh.core.state_sync.db.migrator - INFO - Applying migration <module 'sqlmesh.migrations.v0076_add_cron_tz' from 'C:\\Users\\ivan.divita\\AppData\\Roaming\\Python\\Python314\\site-packages\\sqlmesh\\migrations\\v0076_add_cron_tz.py'> (migrator.py:194)
2026-10-07 16:37:27,108 - MainThread - sqlmesh.core.state_sync.db.migrator - INFO - Applying migration <module 'sqlmesh.migrations.v0077_fix_column_type_hash_calculation' from 'C:\\Users\\ivan.divita\\AppData\\Roaming\\Python\\Python314\\site-packages\\sqlmesh\\migrations\\v0077_fix_column_type_hash_calculation.py'> (migrator.py:194)
2026-10-07 16:37:27,108 - MainThread - sqlmesh.core.state_sync.db.migrator - INFO - Applying migration <module 'sqlmesh.migrations.v0078_warn_if_non_migratable_python_env' from 'C:\\Users\\ivan.divita\\AppData\\Roaming\\Python\\Python314\\site-packages\\sqlmesh\\migrations\\v0078_warn_if_non_migratable_python_env.py'> (migrator.py:194)
2026-10-07 16:37:27,108 - MainThread - sqlmesh.core.state_sync.db.migrator - INFO - Applying migration <module 'sqlmesh.migrations.v0079_add_gateway_managed_property' from 'C:\\Users\\ivan.divita\\AppData\\Roaming\\Python\\Python314\\site-packages\\sqlmesh\\migrations\\v0079_add_gateway_managed_property.py'> (migrator.py:194)
2026-10-07 16:37:27,109 - MainThread - sqlmesh.core.state_sync.db.migrator - INFO - Applying migration <module 'sqlmesh.migrations.v0080_add_batch_size_to_scd_type_2_models' from 'C:\\Users\\ivan.divita\\AppData\\Roaming\\Python\\Python314\\site-packages\\sqlmesh\\migrations\\v0080_add_batch_size_to_scd_type_2_models.py'> (migrator.py:194)
2026-10-07 16:37:27,109 - MainThread - sqlmesh.core.state_sync.db.migrator - INFO - Applying migration <module 'sqlmesh.migrations.v0081_update_partitioned_by' from 'C:\\Users\\ivan.divita\\AppData\\Roaming\\Python\\Python314\\site-packages\\sqlmesh\\migrations\\v0081_update_partitioned_by.py'> (migrator.py:194)
2026-10-07 16:37:27,109 - MainThread - sqlmesh.core.state_sync.db.migrator - INFO - Applying migration <module 'sqlmesh.migrations.v0082_warn_if_incorrectly_duplicated_statements' from 'C:\\Users\\ivan.divita\\AppData\\Roaming\\Python\\Python314\\site-packages\\sqlmesh\\migrations\\v0082_warn_if_incorrectly_duplicated_statements.py'> (migrator.py:194)
2026-10-07 16:37:27,110 - MainThread - sqlmesh.core.state_sync.db.migrator - INFO - Applying migration <module 'sqlmesh.migrations.v0083_use_sql_for_scd_time_data_type_data_hash' from 'C:\\Users\\ivan.divita\\AppData\\Roaming\\Python\\Python314\\site-packages\\sqlmesh\\migrations\\v0083_use_sql_for_scd_time_data_type_data_hash.py'> (migrator.py:194)
2026-10-07 16:37:27,110 - MainThread - sqlmesh.core.state_sync.db.migrator - INFO - Applying migration <module 'sqlmesh.migrations.v0084_normalize_quote_when_matched_and_merge_filter' from 'C:\\Users\\ivan.divita\\AppData\\Roaming\\Python\\Python314\\site-packages\\sqlmesh\\migrations\\v0084_normalize_quote_when_matched_and_merge_filter.py'> (migrator.py:194)
2026-10-07 16:37:27,110 - MainThread - sqlmesh.core.state_sync.db.migrator - INFO - Applying migration <module 'sqlmesh.migrations.v0085_deterministic_repr' from 'C:\\Users\\ivan.divita\\AppData\\Roaming\\Python\\Python314\\site-packages\\sqlmesh\\migrations\\v0085_deterministic_repr.py'> (migrator.py:194)
2026-10-07 16:37:27,110 - MainThread - sqlmesh.core.state_sync.db.migrator - INFO - Applying migration <module 'sqlmesh.migrations.v0086_check_deterministic_bug' from 'C:\\Users\\ivan.divita\\AppData\\Roaming\\Python\\Python314\\site-packages\\sqlmesh\\migrations\\v0086_check_deterministic_bug.py'> (migrator.py:194)
2026-10-07 16:37:27,110 - MainThread - sqlmesh.core.state_sync.db.migrator - INFO - Applying migration <module 'sqlmesh.migrations.v0087_normalize_blueprint_variables' from 'C:\\Users\\ivan.divita\\AppData\\Roaming\\Python\\Python314\\site-packages\\sqlmesh\\migrations\\v0087_normalize_blueprint_variables.py'> (migrator.py:194)
2026-10-07 16:37:27,110 - MainThread - sqlmesh.core.state_sync.db.migrator - INFO - Applying migration <module 'sqlmesh.migrations.v0088_warn_about_variable_python_env_diffs' from 'C:\\Users\\ivan.divita\\AppData\\Roaming\\Python\\Python314\\site-packages\\sqlmesh\\migrations\\v0088_warn_about_variable_python_env_diffs.py'> (migrator.py:194)
2026-10-07 16:37:27,110 - MainThread - sqlmesh.core.state_sync.db.migrator - INFO - Applying migration <module 'sqlmesh.migrations.v0089_add_virtual_environment_mode' from 'C:\\Users\\ivan.divita\\AppData\\Roaming\\Python\\Python314\\site-packages\\sqlmesh\\migrations\\v0089_add_virtual_environment_mode.py'> (migrator.py:194)
2026-10-07 16:37:27,110 - MainThread - sqlmesh.core.state_sync.db.migrator - INFO - Applying migration <module 'sqlmesh.migrations.v0090_add_forward_only_column' from 'C:\\Users\\ivan.divita\\AppData\\Roaming\\Python\\Python314\\site-packages\\sqlmesh\\migrations\\v0090_add_forward_only_column.py'> (migrator.py:194)
2026-10-07 16:37:27,111 - MainThread - sqlmesh.core.state_sync.db.migrator - INFO - Applying migration <module 'sqlmesh.migrations.v0091_on_additive_change' from 'C:\\Users\\ivan.divita\\AppData\\Roaming\\Python\\Python314\\site-packages\\sqlmesh\\migrations\\v0091_on_additive_change.py'> (migrator.py:194)
2026-10-07 16:37:27,111 - MainThread - sqlmesh.core.state_sync.db.migrator - INFO - Applying migration <module 'sqlmesh.migrations.v0092_warn_about_dbt_data_type_diff' from 'C:\\Users\\ivan.divita\\AppData\\Roaming\\Python\\Python314\\site-packages\\sqlmesh\\migrations\\v0092_warn_about_dbt_data_type_diff.py'> (migrator.py:194)
2026-10-07 16:37:27,111 - MainThread - sqlmesh.core.state_sync.db.migrator - INFO - Applying migration <module 'sqlmesh.migrations.v0093_use_raw_sql_in_fingerprint' from 'C:\\Users\\ivan.divita\\AppData\\Roaming\\Python\\Python314\\site-packages\\sqlmesh\\migrations\\v0093_use_raw_sql_in_fingerprint.py'> (migrator.py:194)
2026-10-07 16:37:27,111 - MainThread - sqlmesh.core.state_sync.db.migrator - INFO - Applying migration <module 'sqlmesh.migrations.v0094_add_dev_version_and_fingerprint_columns' from 'C:\\Users\\ivan.divita\\AppData\\Roaming\\Python\\Python314\\site-packages\\sqlmesh\\migrations\\v0094_add_dev_version_and_fingerprint_columns.py'> (migrator.py:194)
2026-10-07 16:37:27,113 - MainThread - sqlmesh.core.state_sync.db.migrator - INFO - Applying migration <module 'sqlmesh.migrations.v0095_warn_about_dbt_raw_sql_diff' from 'C:\\Users\\ivan.divita\\AppData\\Roaming\\Python\\Python314\\site-packages\\sqlmesh\\migrations\\v0095_warn_about_dbt_raw_sql_diff.py'> (migrator.py:194)
2026-10-07 16:37:27,113 - MainThread - sqlmesh.core.state_sync.db.migrator - INFO - Applying migration <module 'sqlmesh.migrations.v0096_remove_plan_dags_table' from 'C:\\Users\\ivan.divita\\AppData\\Roaming\\Python\\Python314\\site-packages\\sqlmesh\\migrations\\v0096_remove_plan_dags_table.py'> (migrator.py:194)
2026-10-07 16:37:27,114 - MainThread - sqlmesh.core.state_sync.db.migrator - INFO - Applying migration <module 'sqlmesh.migrations.v0097_add_dbt_name_in_node' from 'C:\\Users\\ivan.divita\\AppData\\Roaming\\Python\\Python314\\site-packages\\sqlmesh\\migrations\\v0097_add_dbt_name_in_node.py'> (migrator.py:194)
2026-10-07 16:37:27,114 - MainThread - sqlmesh.core.state_sync.db.migrator - INFO - Applying migration <module 'sqlmesh.migrations.v0098_add_dbt_node_info_in_node' from 'C:\\Users\\ivan.divita\\AppData\\Roaming\\Python\\Python314\\site-packages\\sqlmesh\\migrations\\v0098_add_dbt_node_info_in_node.py'> (migrator.py:194)
2026-10-07 16:37:27,114 - MainThread - sqlmesh.core.state_sync.db.migrator - INFO - Applying migration <module 'sqlmesh.migrations.v0099_add_last_altered_to_intervals' from 'C:\\Users\\ivan.divita\\AppData\\Roaming\\Python\\Python314\\site-packages\\sqlmesh\\migrations\\v0099_add_last_altered_to_intervals.py'> (migrator.py:194)
2026-10-07 16:37:27,115 - MainThread - sqlmesh.core.state_sync.db.migrator - INFO - Applying migration <module 'sqlmesh.migrations.v0100_add_grants_and_grants_target_layer' from 'C:\\Users\\ivan.divita\\AppData\\Roaming\\Python\\Python314\\site-packages\\sqlmesh\\migrations\\v0100_add_grants_and_grants_target_layer.py'> (migrator.py:194)
2026-10-07 16:37:27,115 - MainThread - sqlmesh.core.state_sync.db.migrator - INFO - Applying migration <module 'sqlmesh.migrations.v0101_include_custom_audit_args_in_fingerprint' from 'C:\\Users\\ivan.divita\\AppData\\Roaming\\Python\\Python314\\site-packages\\sqlmesh\\migrations\\v0101_include_custom_audit_args_in_fingerprint.py'> (migrator.py:194)
2026-10-07 16:37:27,115 - MainThread - sqlmesh.core.state_sync.db.migrator - INFO - Applying migration <module 'sqlmesh.migrations.v0102_normalize_python_env_payloads' from 'C:\\Users\\ivan.divita\\AppData\\Roaming\\Python\\Python314\\site-packages\\sqlmesh\\migrations\\v0102_normalize_python_env_payloads.py'> (migrator.py:194)
2026-10-07 16:37:27,119 - MainThread - sqlmesh.core.state_sync.db.migrator - INFO - Fetching environments (migrator.py:216)
2026-10-07 16:37:27,120 - MainThread - sqlmesh.core.state_sync.db.migrator - INFO - Migrating snapshot rows... (migrator.py:233)
2026-10-07 16:37:27,122 - MainThread - sqlmesh.core.state_sync.db.migrator - INFO - No changes to snapshots detected (migrator.py:226)
2026-10-07 16:37:29,987 - event-emitter - sqlmesh.core.analytics.dispatcher - INFO - Failed to emit events: HTTPSConnectionPool(host='analytics.tobikodata.com', port=443): Max retries exceeded with url: /v1/sqlmesh/ (Caused by SSLError(SSLCertVerificationError(1, '[SSL: CERTIFICATE_VERIFY_FAILED] certificate verify failed: self-signed certificate in certificate chain (_ssl.c:1077)'))) (dispatcher.py:138)
2026-10-07 16:37:31,292 - MainThread - sqlmesh.core.plan.evaluator - INFO - Evaluating plan stage CreateSnapshotRecordsStage (evaluator.py:123)
2026-10-07 16:37:31,313 - MainThread - sqlmesh.core.plan.evaluator - INFO - Evaluating plan stage PhysicalLayerSchemaCreationStage (evaluator.py:123)
2026-10-07 16:37:31,314 - MainThread - sqlmesh.core.snapshot.evaluator - INFO - Creating schema 'workspace.sqlmesh__bronze' (evaluator.py:1471)
2026-10-07 16:37:31,315 - MainThread - sqlmesh.core.engine_adapter.base - INFO - Executing SQL: /* SQLMESH_PLAN: 0e58439e13154d41bd62fd1dabfb2e66 */ CREATE SCHEMA IF NOT EXISTS `workspace`.`sqlmesh__bronze` (base.py:2667)
2026-10-07 16:37:32,057 - MainThread - databricks.sql.auth.retry - INFO - Received status code 200 for POST request (retry.py:360)
2026-10-07 16:37:32,058 - MainThread - databricks.sql.auth.thrift_http_client - INFO - HTTP Response with status code 200, message: OK (thrift_http_client.py:210)
2026-10-07 16:37:32,059 - MainThread - sqlmesh.core.plan.evaluator - INFO - Evaluating plan stage BackfillStage (evaluator.py:123)
2026-10-07 16:37:32,060 - MainThread - sqlmesh.core.snapshot.evaluator - INFO - Listing data objects in schema workspace.sqlmesh__bronze (evaluator.py:1638)
2026-10-07 16:37:32,061 - MainThread - sqlmesh.core.engine_adapter.base - INFO - Executing SQL: /* SQLMESH_PLAN: 0e58439e13154d41bd62fd1dabfb2e66 */ SELECT `table_name` AS `name`, `table_schema` AS `schema`, `table_catalog` AS `catalog`, CASE `table_type` WHEN 'VIEW' THEN 'view' WHEN 'MATERIALIZED_VIEW' THEN 'materialized_view' ELSE 'table' END AS `type` FROM `system`.`information_schema`.`tables` WHERE (`table_catalog` = 'workspace' AND `table_schema` = 'sqlmesh__bronze') AND `table_name` IN ('bronze__data__651622671') (base.py:2667)
2026-10-07 16:37:33,114 - MainThread - databricks.sql.auth.retry - INFO - Received status code 200 for POST request (retry.py:360)
2026-10-07 16:37:33,115 - MainThread - databricks.sql.auth.thrift_http_client - INFO - HTTP Response with status code 200, message: OK (thrift_http_client.py:210)
2026-10-07 16:37:33,120 - MainThread - sqlmesh.core.snapshot.evaluator - INFO - Evaluating snapshot SnapshotId<"workspace"."bronze"."data": 1765337168> (evaluator.py:732)
2026-10-07 16:37:33,120 - MainThread - sqlmesh.core.engine_adapter.base - INFO - Executing SQL: /* SQLMESH_PLAN: 0e58439e13154d41bd62fd1dabfb2e66 */ SELECT CURRENT_CATALOG() (base.py:2667)
2026-10-07 16:37:33,432 - MainThread - databricks.sql.auth.retry - INFO - Received status code 200 for POST request (retry.py:360)
2026-10-07 16:37:33,432 - MainThread - databricks.sql.auth.thrift_http_client - INFO - HTTP Response with status code 200, message: OK (thrift_http_client.py:210)
2026-10-07 16:37:33,433 - MainThread - sqlmesh.core.engine_adapter.base - INFO - Executing SQL: /* SQLMESH_PLAN: 0e58439e13154d41bd62fd1dabfb2e66 */ USE CATALOG `workspace` (base.py:2667)
2026-10-07 16:37:33,750 - MainThread - databricks.sql.auth.retry - INFO - Received status code 200 for POST request (retry.py:360)
2026-10-07 16:37:33,750 - MainThread - databricks.sql.auth.thrift_http_client - INFO - HTTP Response with status code 200, message: OK (thrift_http_client.py:210)
2026-10-07 16:37:33,751 - MainThread - sqlmesh.core.snapshot.evaluator - INFO - Inserting data for snapshot SnapshotId<"workspace"."bronze"."data": 1765337168> (evaluator.py:973)
2026-10-07 16:37:33,753 - MainThread - sqlmesh.core.snapshot.evaluator - INFO - Inserting batch (2026-10-06 00:00:00, 2026-10-07 00:00:00) into workspace.sqlmesh__bronze.bronze__data__651622671' (evaluator.py:1005)
2026-10-07 16:37:33,753 - MainThread - sqlmesh.core.engine_adapter.base - INFO - Executing SQL: /* SQLMESH_PLAN: 0e58439e13154d41bd62fd1dabfb2e66 */ CREATE TABLE IF NOT EXISTS `workspace`.`sqlmesh__bronze`.`bronze__data__651622671` AS SELECT CAST(`id` AS INT) AS `id`, CAST(`message` AS STRING) AS `message` FROM (SELECT 1 AS `id`, 'ciao' AS `message`) AS `_subquery` (base.py:2667)
2026-10-07 16:37:35,209 - event-emitter - sqlmesh.core.analytics.dispatcher - INFO - Failed to emit events: HTTPSConnectionPool(host='analytics.tobikodata.com', port=443): Max retries exceeded with url: /v1/sqlmesh/ (Caused by SSLError(SSLCertVerificationError(1, '[SSL: CERTIFICATE_VERIFY_FAILED] certificate verify failed: self-signed certificate in certificate chain (_ssl.c:1077)'))) (dispatcher.py:138)
2026-10-07 16:37:39,092 - MainThread - databricks.sql.auth.retry - INFO - Received status code 200 for POST request (retry.py:360)
2026-10-07 16:37:39,092 - MainThread - databricks.sql.auth.thrift_http_client - INFO - HTTP Response with status code 200, message: OK (thrift_http_client.py:210)
2026-10-07 16:37:40,448 - event-emitter - sqlmesh.core.analytics.dispatcher - INFO - Failed to emit events: HTTPSConnectionPool(host='analytics.tobikodata.com', port=443): Max retries exceeded with url: /v1/sqlmesh/ (Caused by SSLError(SSLCertVerificationError(1, '[SSL: CERTIFICATE_VERIFY_FAILED] certificate verify failed: self-signed certificate in certificate chain (_ssl.c:1077)'))) (dispatcher.py:138)
2026-10-07 16:37:44,261 - MainThread - databricks.sql.auth.retry - INFO - Received status code 200 for POST request (retry.py:360)
2026-10-07 16:37:44,261 - MainThread - databricks.sql.auth.thrift_http_client - INFO - HTTP Response with status code 200, message: OK (thrift_http_client.py:210)
2026-10-07 16:37:44,943 - MainThread - databricks.sql.auth.retry - INFO - Received status code 200 for POST request (retry.py:360)
2026-10-07 16:37:44,943 - MainThread - databricks.sql.auth.thrift_http_client - INFO - HTTP Response with status code 200, message: OK (thrift_http_client.py:210)
2026-10-07 16:37:45,183 - MainThread - databricks.sql.auth.retry - INFO - Received status code 200 for POST request (retry.py:360)
2026-10-07 16:37:45,183 - MainThread - databricks.sql.auth.thrift_http_client - INFO - HTTP Response with status code 200, message: OK (thrift_http_client.py:210)
2026-10-07 16:37:45,378 - MainThread - databricks.sql.auth.retry - INFO - Received status code 200 for POST request (retry.py:360)
2026-10-07 16:37:45,378 - MainThread - databricks.sql.auth.thrift_http_client - INFO - HTTP Response with status code 200, message: OK (thrift_http_client.py:210)
2026-10-07 16:37:45,380 - MainThread - sqlmesh.core.state_sync.db.facade - INFO - Adding interval (2026-10-06 00:00:00, 2026-10-07 00:00:00) for snapshot SnapshotId<"workspace"."bronze"."data": 1765337168> (facade.py:639)
2026-10-07 16:37:45,380 - MainThread - sqlmesh.core.state_sync.db.interval - INFO - Pushing intervals for snapshot SnapshotId<"workspace"."bronze"."data": 1765337168> (interval.py:218)
2026-10-07 16:37:45,393 - MainThread - sqlmesh.core.plan.evaluator - INFO - Evaluating plan stage EnvironmentRecordUpdateStage (evaluator.py:123)
2026-10-07 16:37:45,393 - MainThread - sqlmesh.core.state_sync.db.facade - INFO - Promoting environment 'prod' (facade.py:167)
2026-10-07 16:37:45,404 - MainThread - sqlmesh.core.plan.evaluator - INFO - Evaluating plan stage UnpauseStage (evaluator.py:123)
2026-10-07 16:37:45,410 - MainThread - sqlmesh.core.plan.evaluator - INFO - Evaluating plan stage VirtualLayerUpdateStage (evaluator.py:123)
2026-10-07 16:37:45,412 - MainThread - sqlmesh.core.snapshot.evaluator - INFO - Creating schema 'workspace.bronze' (evaluator.py:1471)
2026-10-07 16:37:45,412 - MainThread - sqlmesh.core.engine_adapter.base - INFO - Executing SQL: /* SQLMESH_PLAN: 0e58439e13154d41bd62fd1dabfb2e66 */ CREATE SCHEMA IF NOT EXISTS `workspace`.`bronze` (base.py:2667)
2026-10-07 16:37:45,610 - MainThread - databricks.sql.auth.retry - INFO - Received status code 200 for POST request (retry.py:360)
2026-10-07 16:37:45,610 - MainThread - databricks.sql.auth.thrift_http_client - INFO - HTTP Response with status code 200, message: OK (thrift_http_client.py:210)
2026-10-07 16:37:45,683 - event-emitter - sqlmesh.core.analytics.dispatcher - INFO - Failed to emit events: HTTPSConnectionPool(host='analytics.tobikodata.com', port=443): Max retries exceeded with url: /v1/sqlmesh/ (Caused by SSLError(SSLCertVerificationError(1, '[SSL: CERTIFICATE_VERIFY_FAILED] certificate verify failed: self-signed certificate in certificate chain (_ssl.c:1077)'))) (dispatcher.py:138)
2026-10-07 16:37:46,086 - MainThread - databricks.sql.auth.retry - INFO - Received status code 200 for POST request (retry.py:360)
2026-10-07 16:37:46,086 - MainThread - databricks.sql.auth.thrift_http_client - INFO - HTTP Response with status code 200, message: OK (thrift_http_client.py:210)
2026-10-07 16:37:46,087 - MainThread - sqlmesh.core.snapshot.evaluator - INFO - Listing data objects in schema workspace.bronze (evaluator.py:1638)
2026-10-07 16:37:46,087 - MainThread - sqlmesh.core.engine_adapter.base - INFO - Executing SQL: /* SQLMESH_PLAN: 0e58439e13154d41bd62fd1dabfb2e66 */ SELECT `table_name` AS `name`, `table_schema` AS `schema`, `table_catalog` AS `catalog`, CASE `table_type` WHEN 'VIEW' THEN 'view' WHEN 'MATERIALIZED_VIEW' THEN 'materialized_view' ELSE 'table' END AS `type` FROM `system`.`information_schema`.`tables` WHERE (`table_catalog` = 'workspace' AND `table_schema` = 'bronze') AND `table_name` IN ('data') (base.py:2667)
2026-10-07 16:37:46,562 - MainThread - databricks.sql.auth.retry - INFO - Received status code 200 for POST request (retry.py:360)
2026-10-07 16:37:46,562 - MainThread - databricks.sql.auth.thrift_http_client - INFO - HTTP Response with status code 200, message: OK (thrift_http_client.py:210)
2026-10-07 16:37:46,565 - MainThread - sqlmesh.core.engine_adapter.base - INFO - Executing SQL: /* SQLMESH_PLAN: 0e58439e13154d41bd62fd1dabfb2e66 */ SELECT CURRENT_CATALOG() (base.py:2667)
2026-10-07 16:37:46,868 - MainThread - databricks.sql.auth.retry - INFO - Received status code 200 for POST request (retry.py:360)
2026-10-07 16:37:46,869 - MainThread - databricks.sql.auth.thrift_http_client - INFO - HTTP Response with status code 200, message: OK (thrift_http_client.py:210)
2026-10-07 16:37:46,870 - MainThread - sqlmesh.core.engine_adapter.base - INFO - Executing SQL: /* SQLMESH_PLAN: 0e58439e13154d41bd62fd1dabfb2e66 */ USE CATALOG `workspace` (base.py:2667)
2026-10-07 16:37:47,152 - MainThread - databricks.sql.auth.retry - INFO - Received status code 200 for POST request (retry.py:360)
2026-10-07 16:37:47,153 - MainThread - databricks.sql.auth.thrift_http_client - INFO - HTTP Response with status code 200, message: OK (thrift_http_client.py:210)
2026-10-07 16:37:47,153 - MainThread - sqlmesh.core.snapshot.evaluator - INFO - Updating view 'workspace.bronze.data' to point at table 'workspace.sqlmesh__bronze.bronze__data__651622671' (evaluator.py:2010)
2026-10-07 16:37:47,154 - MainThread - sqlmesh.core.engine_adapter.base - INFO - Executing SQL: /* SQLMESH_PLAN: 0e58439e13154d41bd62fd1dabfb2e66 */ CREATE OR REPLACE VIEW `workspace`.`bronze`.`data` AS SELECT * FROM `workspace`.`sqlmesh__bronze`.`bronze__data__651622671` (base.py:2667)
2026-10-07 16:37:48,101 - MainThread - databricks.sql.auth.retry - INFO - Received status code 200 for POST request (retry.py:360)
2026-10-07 16:37:48,101 - MainThread - databricks.sql.auth.thrift_http_client - INFO - HTTP Response with status code 200, message: OK (thrift_http_client.py:210)
2026-10-07 16:37:48,105 - MainThread - sqlmesh.core.plan.evaluator - INFO - Evaluating plan stage FinalizeEnvironmentStage (evaluator.py:123)
2026-10-07 16:37:48,105 - MainThread - sqlmesh.core.state_sync.db.environment - INFO - Finalizing environment 'prod' (environment.py:141)
2026-10-07 16:37:48,108 - MainThread - databricks.sql.session - INFO - Closing session 01f1c25c-9d3c-13e1-bcf3-37a3008dce08 (session.py:485)
2026-10-07 16:37:48,291 - MainThread - databricks.sql.auth.retry - INFO - Received status code 200 for POST request (retry.py:360)
2026-10-07 16:37:48,291 - MainThread - databricks.sql.auth.thrift_http_client - INFO - HTTP Response with status code 200, message: OK (thrift_http_client.py:210)
2026-10-07 16:37:48,916 - ThreadPoolExecutor-0_0 - databricks.sql.auth.retry - INFO - Received status code 200 for POST request (retry.py:360)
2026-10-07 16:37:48,917 - MainThread - root - INFO - Shutting down the event dispatcher (dispatcher.py:159)
2026-10-07 16:37:49,124 - MainThread - sqlmesh.core.analytics.dispatcher - INFO - Failed to emit events: HTTPSConnectionPool(host='analytics.tobikodata.com', port=443): Max retries exceeded with url: /v1/sqlmesh/ (Caused by SSLError(SSLCertVerificationError(1, '[SSL: CERTIFICATE_VERIFY_FAILED] certificate verify failed: self-signed certificate in certificate chain (_ssl.c:1077)'))) (dispatcher.py:138)
