2026-10-07 17:14:23,954 - MainThread - databricks.sql.session - WARNING - [WARN] Parameter '_user_agent_entry' is deprecated; use 'user_agent_entry' instead. This parameter will be removed in the upcoming releases. (session.py:80)
2026-10-07 17:14:24,570 - MainThread - databricks.sql.auth.retry - INFO - Received status code 200 for POST request (retry.py:360)
2026-10-07 17:14:24,570 - MainThread - databricks.sql.auth.thrift_http_client - INFO - HTTP Response with status code 200, message: OK (thrift_http_client.py:210)
2026-10-07 17:14:24,570 - MainThread - databricks.sql.session - INFO - Successfully opened session 01f1c261-c7c7-1d43-84df-39f9e436a835 (session.py:428)
2026-10-07 17:14:25,074 - MainThread - databricks.sql.auth.retry - INFO - Received status code 200 for GET request (retry.py:360)
2026-10-07 17:14:25,464 - MainThread - databricks.sql.auth.retry - INFO - Received status code 200 for POST request (retry.py:360)
2026-10-07 17:14:25,464 - MainThread - databricks.sql.auth.thrift_http_client - INFO - HTTP Response with status code 200, message: OK (thrift_http_client.py:210)
2026-10-07 17:14:26,106 - MainThread - sqlmesh.core.config.connection - INFO - Creating new DuckDB adapter for data files: {'.sqlmesh/state.db'} (connection.py:516)
2026-10-07 17:14:26,195 - MainThread - sqlmesh.core.console - WARNING - The duckdb engine is not recommended for storing SQLMesh state in production deployments. Please see https://sqlmesh.readthedocs.io/en/stable/guides/configuration/#state-connection for a list of recommended engines and more information. (console.py:2338)
2026-10-07 17:14:28,886 - event-emitter - sqlmesh.core.analytics.dispatcher - INFO - Failed to emit events: HTTPSConnectionPool(host='analytics.tobikodata.com', port=443): Max retries exceeded with url: /v1/sqlmesh/ (Caused by SSLError(SSLCertVerificationError(1, '[SSL: CERTIFICATE_VERIFY_FAILED] certificate verify failed: self-signed certificate in certificate chain (_ssl.c:1077)'))) (dispatcher.py:138)
2026-10-07 17:14:34,139 - event-emitter - sqlmesh.core.analytics.dispatcher - INFO - Failed to emit events: HTTPSConnectionPool(host='analytics.tobikodata.com', port=443): Max retries exceeded with url: /v1/sqlmesh/ (Caused by SSLError(SSLCertVerificationError(1, '[SSL: CERTIFICATE_VERIFY_FAILED] certificate verify failed: self-signed certificate in certificate chain (_ssl.c:1077)'))) (dispatcher.py:138)
2026-10-07 17:14:35,653 - MainThread - sqlmesh.core.plan.evaluator - INFO - Evaluating plan stage CreateSnapshotRecordsStage (evaluator.py:123)
2026-10-07 17:14:35,677 - MainThread - sqlmesh.core.plan.evaluator - INFO - Evaluating plan stage PhysicalLayerSchemaCreationStage (evaluator.py:123)
2026-10-07 17:14:35,677 - MainThread - sqlmesh.core.snapshot.evaluator - INFO - Creating schema 'workspace.sqlmesh__bronze' (evaluator.py:1471)
2026-10-07 17:14:35,678 - MainThread - sqlmesh.core.engine_adapter.base - INFO - Executing SQL: /* SQLMESH_PLAN: a67e87b6fb444dc18c47c79ec95d3c8c */ CREATE SCHEMA IF NOT EXISTS `workspace`.`sqlmesh__bronze` (base.py:2667)
2026-10-07 17:14:36,181 - MainThread - databricks.sql.auth.retry - INFO - Received status code 200 for POST request (retry.py:360)
2026-10-07 17:14:36,181 - MainThread - databricks.sql.auth.thrift_http_client - INFO - HTTP Response with status code 200, message: OK (thrift_http_client.py:210)
2026-10-07 17:14:36,182 - MainThread - sqlmesh.core.plan.evaluator - INFO - Evaluating plan stage BackfillStage (evaluator.py:123)
2026-10-07 17:14:36,183 - MainThread - sqlmesh.core.snapshot.evaluator - INFO - Listing data objects in schema workspace.sqlmesh__bronze (evaluator.py:1638)
2026-10-07 17:14:36,184 - MainThread - sqlmesh.core.engine_adapter.base - INFO - Executing SQL: /* SQLMESH_PLAN: a67e87b6fb444dc18c47c79ec95d3c8c */ SELECT `table_name` AS `name`, `table_schema` AS `schema`, `table_catalog` AS `catalog`, CASE `table_type` WHEN 'VIEW' THEN 'view' WHEN 'MATERIALIZED_VIEW' THEN 'materialized_view' ELSE 'table' END AS `type` FROM `system`.`information_schema`.`tables` WHERE (`table_catalog` = 'workspace' AND `table_schema` = 'sqlmesh__bronze') AND `table_name` IN ('bronze__data__1043935069') (base.py:2667)
2026-10-07 17:14:36,983 - MainThread - databricks.sql.auth.retry - INFO - Received status code 200 for POST request (retry.py:360)
2026-10-07 17:14:36,983 - MainThread - databricks.sql.auth.thrift_http_client - INFO - HTTP Response with status code 200, message: OK (thrift_http_client.py:210)
2026-10-07 17:14:36,988 - MainThread - sqlmesh.core.snapshot.evaluator - INFO - Evaluating snapshot SnapshotId<"workspace"."bronze"."data": 2669779708> (evaluator.py:732)
2026-10-07 17:14:36,989 - MainThread - sqlmesh.core.engine_adapter.base - INFO - Executing SQL: /* SQLMESH_PLAN: a67e87b6fb444dc18c47c79ec95d3c8c */ SELECT CURRENT_CATALOG() (base.py:2667)
2026-10-07 17:14:37,292 - MainThread - databricks.sql.auth.retry - INFO - Received status code 200 for POST request (retry.py:360)
2026-10-07 17:14:37,292 - MainThread - databricks.sql.auth.thrift_http_client - INFO - HTTP Response with status code 200, message: OK (thrift_http_client.py:210)
2026-10-07 17:14:37,293 - MainThread - sqlmesh.core.engine_adapter.base - INFO - Executing SQL: /* SQLMESH_PLAN: a67e87b6fb444dc18c47c79ec95d3c8c */ USE CATALOG `workspace` (base.py:2667)
2026-10-07 17:14:37,571 - MainThread - databricks.sql.auth.retry - INFO - Received status code 200 for POST request (retry.py:360)
2026-10-07 17:14:37,571 - MainThread - databricks.sql.auth.thrift_http_client - INFO - HTTP Response with status code 200, message: OK (thrift_http_client.py:210)
2026-10-07 17:14:37,572 - MainThread - sqlmesh.core.snapshot.evaluator - INFO - Inserting data for snapshot SnapshotId<"workspace"."bronze"."data": 2669779708> (evaluator.py:973)
2026-10-07 17:14:37,574 - MainThread - sqlmesh.core.snapshot.evaluator - INFO - Inserting batch (2026-10-06 00:00:00, 2026-10-07 00:00:00) into workspace.sqlmesh__bronze.bronze__data__1043935069' (evaluator.py:1005)
2026-10-07 17:14:37,575 - MainThread - sqlmesh.core.engine_adapter.base - INFO - Executing SQL: /* SQLMESH_PLAN: a67e87b6fb444dc18c47c79ec95d3c8c */ SELECT columns.column_name, columns.full_data_type FROM system.information_schema.columns WHERE table_name = 'bronze__data__1043935069' AND table_schema = 'sqlmesh__bronze' AND table_catalog = 'workspace' ORDER BY ordinal_position ASC (base.py:2667)
2026-10-07 17:14:38,265 - MainThread - databricks.sql.auth.retry - INFO - Received status code 200 for POST request (retry.py:360)
2026-10-07 17:14:38,265 - MainThread - databricks.sql.auth.thrift_http_client - INFO - HTTP Response with status code 200, message: OK (thrift_http_client.py:210)
2026-10-07 17:14:38,268 - MainThread - sqlmesh.core.engine_adapter.base - INFO - Executing SQL: /* SQLMESH_PLAN: a67e87b6fb444dc18c47c79ec95d3c8c */ CREATE TABLE IF NOT EXISTS `workspace`.`sqlmesh__bronze`.`bronze__data__1043935069` AS SELECT * FROM `db`.`mflix`.`comments` AS `comments` (base.py:2667)
2026-10-07 17:14:38,786 - MainThread - databricks.sql.auth.retry - INFO - Received status code 200 for POST request (retry.py:360)
2026-10-07 17:14:38,787 - MainThread - databricks.sql.auth.thrift_http_client - INFO - HTTP Response with status code 200, message: OK (thrift_http_client.py:210)
2026-10-07 17:14:38,789 - MainThread - sqlmesh.core.scheduler - INFO - Execution failed for node EvaluateNode(snapshot_name='"workspace"."bronze"."data"', interval=(1791244800000, 1791331200000), batch_index=0) (scheduler.py:618)
Traceback (most recent call last):
  File "C:\Users\ivan.divita\AppData\Roaming\Python\Python314\site-packages\sqlmesh\utils\concurrency.py", line 234, in sequential_apply_to_dag
    fn(node)
    ~~^^^^^^
  File "C:\Users\ivan.divita\AppData\Roaming\Python\Python314\site-packages\sqlmesh\core\scheduler.py", line 554, in run_node
    audit_results = self.evaluate(
        snapshot=snapshot,
    ...<9 lines>...
        selected_models=selected_models,
    )
  File "C:\Users\ivan.divita\AppData\Roaming\Python\Python314\site-packages\sqlmesh\core\scheduler.py", line 229, in evaluate
    wap_id = self.snapshot_evaluator.evaluate(
        snapshot,
    ...<9 lines>...
        **kwargs,
    )
  File "C:\Users\ivan.divita\AppData\Roaming\Python\Python314\site-packages\sqlmesh\core\snapshot\evaluator.py", line 186, in evaluate
    result = self._evaluate_snapshot(
        start=start,
    ...<9 lines>...
        **kwargs,
    )
  File "C:\Users\ivan.divita\AppData\Roaming\Python\Python314\site-packages\sqlmesh\core\snapshot\evaluator.py", line 842, in _evaluate_snapshot
    self._render_and_insert_snapshot(
    ~~~~~~~~~~~~~~~~~~~~~~~~~~~~~~~~^
        start=start,
        ^^^^^^^^^^^^
    ...<10 lines>...
        batch_index=batch_index,
        ^^^^^^^^^^^^^^^^^^^^^^^^
    )
    ^
  File "C:\Users\ivan.divita\AppData\Roaming\Python\Python314\site-packages\sqlmesh\core\snapshot\evaluator.py", line 1062, in _render_and_insert_snapshot
    apply(query_or_df, index)
    ~~~~~^^^^^^^^^^^^^^^^^^^^
  File "C:\Users\ivan.divita\AppData\Roaming\Python\Python314\site-packages\sqlmesh\core\snapshot\evaluator.py", line 1011, in apply
    evaluation_strategy.insert(
    ~~~~~~~~~~~~~~~~~~~~~~~~~~^
        table_name=target_table_name,
        ^^^^^^^^^^^^^^^^^^^^^^^^^^^^^
    ...<12 lines>...
        is_snapshot_deployable=is_snapshot_deployable,
        ^^^^^^^^^^^^^^^^^^^^^^^^^^^^^^^^^^^^^^^^^^^^^^
    )
    ^
  File "C:\Users\ivan.divita\AppData\Roaming\Python\Python314\site-packages\sqlmesh\core\snapshot\evaluator.py", line 2483, in insert
    self._replace_query_for_model(model, table_name, query_or_df, render_kwargs, **kwargs)
    ~~~~~~~~~~~~~~~~~~~~~~~~~~~~~^^^^^^^^^^^^^^^^^^^^^^^^^^^^^^^^^^^^^^^^^^^^^^^^^^^^^^^^^
  File "C:\Users\ivan.divita\AppData\Roaming\Python\Python314\site-packages\sqlmesh\core\snapshot\evaluator.py", line 2214, in _replace_query_for_model
    self.adapter.replace_query(
    ~~~~~~~~~~~~~~~~~~~~~~~~~~^
        name,
        ^^^^^
    ...<10 lines>...
        source_columns=source_columns,
        ^^^^^^^^^^^^^^^^^^^^^^^^^^^^^^
    )
    ^
  File "C:\Users\ivan.divita\AppData\Roaming\Python\Python314\site-packages\sqlmesh\core\engine_adapter\shared.py", line 318, in internal_wrapper
    return func(*list_args, **kwargs)
  File "C:\Users\ivan.divita\AppData\Roaming\Python\Python314\site-packages\sqlmesh\core\engine_adapter\base.py", line 555, in replace_query
    return self._create_table_from_source_queries(
           ~~~~~~~~~~~~~~~~~~~~~~~~~~~~~~~~~~~~~~^
        target_table,
        ^^^^^^^^^^^^^
    ...<5 lines>...
        **kwargs,
        ^^^^^^^^^
    )
    ^
  File "C:\Users\ivan.divita\AppData\Roaming\Python\Python314\site-packages\sqlmesh\core\engine_adapter\base.py", line 965, in _create_table_from_source_queries
    self._create_table(
    ~~~~~~~~~~~~~~~~~~^
        schema if schema else table,
        ^^^^^^^^^^^^^^^^^^^^^^^^^^^^
    ...<7 lines>...
        **kwargs,
        ^^^^^^^^^
    )
    ^
  File "C:\Users\ivan.divita\AppData\Roaming\Python\Python314\site-packages\sqlmesh\core\engine_adapter\spark.py", line 470, in _create_table
    super()._create_table(
    ~~~~~~~~~~~~~~~~~~~~~^
        table_name_or_schema,
        ^^^^^^^^^^^^^^^^^^^^^
    ...<7 lines>...
        **kwargs,
        ^^^^^^^^^
    )
    ^
  File "C:\Users\ivan.divita\AppData\Roaming\Python\Python314\site-packages\sqlmesh\core\engine_adapter\base.py", line 1008, in _create_table
    self.execute(
    ~~~~~~~~~~~~^
        self._build_create_table_exp(
        ^^^^^^^^^^^^^^^^^^^^^^^^^^^^^
    ...<13 lines>...
        track_rows_processed=track_rows_processed,
        ^^^^^^^^^^^^^^^^^^^^^^^^^^^^^^^^^^^^^^^^^^
    )
    ^
  File "C:\Users\ivan.divita\AppData\Roaming\Python\Python314\site-packages\sqlmesh\core\engine_adapter\base.py", line 2644, in execute
    self._execute(sql, track_rows_processed, **kwargs)
    ~~~~~~~~~~~~~^^^^^^^^^^^^^^^^^^^^^^^^^^^^^^^^^^^^^
  File "C:\Users\ivan.divita\AppData\Roaming\Python\Python314\site-packages\sqlmesh\core\engine_adapter\databricks.py", line 243, in _execute
    return super()._execute(sql, track_rows_processed, **kwargs)
           ~~~~~~~~~~~~~~~~^^^^^^^^^^^^^^^^^^^^^^^^^^^^^^^^^^^^^
  File "C:\Users\ivan.divita\AppData\Roaming\Python\Python314\site-packages\sqlmesh\core\engine_adapter\base.py", line 2676, in _execute
    self.cursor.execute(sql, **kwargs)
    ~~~~~~~~~~~~~~~~~~~^^^^^^^^^^^^^^^
  File "C:\Users\ivan.divita\AppData\Roaming\Python\Python314\site-packages\databricks\sql\telemetry\latency_logger.py", line 182, in wrapper
    return func(self, *args, **kwargs)
  File "C:\Users\ivan.divita\AppData\Roaming\Python\Python314\site-packages\databricks\sql\client.py", line 1566, in execute
    self.active_result_set = self.backend.execute_command(
                             ~~~~~~~~~~~~~~~~~~~~~~~~~~~~^
        operation=prepared_operation,
        ^^^^^^^^^^^^^^^^^^^^^^^^^^^^^
    ...<10 lines>...
        query_tags=query_tags,
        ^^^^^^^^^^^^^^^^^^^^^^
    )
    ^
  File "C:\Users\ivan.divita\AppData\Roaming\Python\Python314\site-packages\databricks\sql\backend\thrift_backend.py", line 1100, in execute_command
    execute_response, has_more_rows = self._handle_execute_response(
                                      ~~~~~~~~~~~~~~~~~~~~~~~~~~~~~^
        resp, cursor
        ^^^^^^^^^^^^
    )
    ^
  File "C:\Users\ivan.divita\AppData\Roaming\Python\Python314\site-packages\databricks\sql\backend\thrift_backend.py", line 1307, in _handle_execute_response
    final_operation_state, final_status_resp = self._wait_until_command_done(
                                               ~~~~~~~~~~~~~~~~~~~~~~~~~~~~~^
        resp.operationHandle,
        ^^^^^^^^^^^^^^^^^^^^^
        resp.directResults and resp.directResults.operationStatus,
        ^^^^^^^^^^^^^^^^^^^^^^^^^^^^^^^^^^^^^^^^^^^^^^^^^^^^^^^^^^
    )
    ^
  File "C:\Users\ivan.divita\AppData\Roaming\Python\Python314\site-packages\databricks\sql\backend\thrift_backend.py", line 969, in _wait_until_command_done
    self._check_command_not_in_error_or_closed_state(
    ~~~~~~~~~~~~~~~~~~~~~~~~~~~~~~~~~~~~~~~~~~~~~~~~^
        op_handle, initial_operation_status_resp
        ^^^^^^^^^^^^^^^^^^^^^^^^^^^^^^^^^^^^^^^^
    )
    ^
  File "C:\Users\ivan.divita\AppData\Roaming\Python\Python314\site-packages\databricks\sql\backend\thrift_backend.py", line 656, in _check_command_not_in_error_or_closed_state
    raise ServerOperationError(
    ...<7 lines>...
    )
databricks.sql.exc.ServerOperationError: [TABLE_OR_VIEW_NOT_FOUND] The table or view `db`.`mflix`.`comments` cannot be found. Verify the spelling and correctness of the schema and catalog.
Search path: [`system`.`session`, `system`.`builtin`, `system`.`ai`, `workspace`.`default`].
If you did not qualify the name with a schema, verify the current_schema() output, or qualify the name with the correct schema and catalog.
To tolerate the error on drop use DROP VIEW IF EXISTS or DROP TABLE IF EXISTS. SQLSTATE: 42P01; line 1 pos 154

The above exception was the direct cause of the following exception:

sqlmesh.utils.concurrency.NodeExecutionFailedError: Execution failed for node EvaluateNode(snapshot_name='"workspace"."bronze"."data"', interval=(1791244800000, 1791331200000), batch_index=0)
2026-10-07 17:14:38,817 - MainThread - sqlmesh.core.context - INFO - Plan application failed. (context.py:1958)
Traceback (most recent call last):
  File "C:\Users\ivan.divita\AppData\Roaming\Python\Python314\site-packages\sqlmesh\core\context.py", line 1950, in apply
    self._apply(plan, circuit_breaker)
    ~~~~~~~~~~~^^^^^^^^^^^^^^^^^^^^^^^
  File "C:\Users\ivan.divita\AppData\Roaming\Python\Python314\site-packages\sqlmesh\core\context.py", line 2785, in _apply
    self._scheduler.create_plan_evaluator(self).evaluate(
    ~~~~~~~~~~~~~~~~~~~~~~~~~~~~~~~~~~~~~~~~~~~~~~~~~~~~^
        plan.to_evaluatable(), circuit_breaker=circuit_breaker
        ^^^^^^^^^^^^^^^^^^^^^^^^^^^^^^^^^^^^^^^^^^^^^^^^^^^^^^
    )
    ^
  File "C:\Users\ivan.divita\AppData\Roaming\Python\Python314\site-packages\sqlmesh\core\plan\evaluator.py", line 105, in evaluate
    self._evaluate_stages(plan_stages, plan)
    ~~~~~~~~~~~~~~~~~~~~~^^^^^^^^^^^^^^^^^^^
  File "C:\Users\ivan.divita\AppData\Roaming\Python\Python314\site-packages\sqlmesh\core\plan\evaluator.py", line 125, in _evaluate_stages
    handler(stage, plan)
    ~~~~~~~^^^^^^^^^^^^^
  File "C:\Users\ivan.divita\AppData\Roaming\Python\Python314\site-packages\sqlmesh\core\plan\evaluator.py", line 264, in visit_backfill_stage
    raise PlanError("Plan application failed.")
sqlmesh.utils.errors.PlanError: Plan application failed.
2026-10-07 17:14:38,819 - MainThread - databricks.sql.session - INFO - Closing session 01f1c261-c7c7-1d43-84df-39f9e436a835 (session.py:485)
2026-10-07 17:14:39,014 - MainThread - databricks.sql.auth.retry - INFO - Received status code 200 for POST request (retry.py:360)
2026-10-07 17:14:39,014 - MainThread - databricks.sql.auth.thrift_http_client - INFO - HTTP Response with status code 200, message: OK (thrift_http_client.py:210)
2026-10-07 17:14:39,375 - event-emitter - sqlmesh.core.analytics.dispatcher - INFO - Failed to emit events: HTTPSConnectionPool(host='analytics.tobikodata.com', port=443): Max retries exceeded with url: /v1/sqlmesh/ (Caused by SSLError(SSLCertVerificationError(1, '[SSL: CERTIFICATE_VERIFY_FAILED] certificate verify failed: self-signed certificate in certificate chain (_ssl.c:1077)'))) (dispatcher.py:138)
2026-10-07 17:14:39,507 - ThreadPoolExecutor-0_0 - databricks.sql.auth.retry - INFO - Received status code 200 for POST request (retry.py:360)
2026-10-07 17:14:39,508 - MainThread - root - INFO - Shutting down the event dispatcher (dispatcher.py:159)
2026-10-07 17:14:39,712 - MainThread - sqlmesh.core.analytics.dispatcher - INFO - Failed to emit events: HTTPSConnectionPool(host='analytics.tobikodata.com', port=443): Max retries exceeded with url: /v1/sqlmesh/ (Caused by SSLError(SSLCertVerificationError(1, '[SSL: CERTIFICATE_VERIFY_FAILED] certificate verify failed: self-signed certificate in certificate chain (_ssl.c:1077)'))) (dispatcher.py:138)
